
[1m[46m RUN [49m[22m [36mv4.0.9 [39m[90mE:/vscode/MYPROJECTS/HisabKitab/frontend[39m

node.exe : [90mstderr[2m | src/context/AuthContext.test.tsx[2m > [22m[2mAuthContext[2m > [22m[2mshould handle initial load with invalid token
At C:\Program Files\nodejs\npx.ps1:29 char:3
+   & $NODE_EXE $NPX_CLI_JS $args
+   ~~~~~~~~~~~~~~~~~~~~~~~~~~~~~
    + CategoryInfo          : NotSpecified: ([90mstderr[2m...h invalid token:String) [], RemoteException
    + FullyQualifiedErrorId : NativeCommandError
 
[22m[39mCould not parse saved user. SyntaxError: Unexpected token 'i', "invalid_token" is not valid JSON
    at JSON.parse (<anonymous>)
    at getSavedUser (E:/vscode/MYPROJECTS/HisabKitab/frontend/src/lib/auth.ts:37:22)
    at E:/vscode/MYPROJECTS/HisabKitab/frontend/src/context/AuthContext.tsx:16:46
    at mountStateImpl [90m(E:\vscode\MYPROJECTS\HisabKitab\frontend\[39mnode_modules\[4mreact-dom[24m\cjs\react-dom-client.development.js:8268:24[90m)[39m
    at mountState [90m(E:\vscode\MYPROJECTS\HisabKitab\frontend\[39mnode_modules\[4mreact-dom[24m\cjs\react-dom-client.development.js:8289:22[90m)[39m
    at Object.useState [90m(E:\vscode\MYPROJECTS\HisabKitab\frontend\[39mnode_modules\[4mreact-dom[24m\cjs\react-dom-client.development.js:26243:18[90m)[39m
    at process.env.NODE_ENV.exports.useState [90m(E:\vscode\MYPROJECTS\HisabKitab\frontend\[39mnode_modules\[4mreact[24m\cjs\react.development.js:1263:34[90m)[39m
    at AuthProvider (E:/vscode/MYPROJECTS/HisabKitab/frontend/src/context/AuthContext.tsx:16:26)
    at Object.react_stack_bottom_frame [90m(E:\vscode\MYPROJECTS\HisabKitab\frontend\[39mnode_modules\[4mreact-dom[24m\cjs\react-dom-client.development.js:25904:20[90m)[39m
    at renderWithHooks [90m(E:\vscode\MYPROJECTS\HisabKitab\frontend\[39mnode_modules\[4mreact-dom[24m\cjs\react-dom-client.development.js:7662:22[90m)[39m

 [31mΓ¥»[39m src/context/AuthContext.test.tsx [2m([22m[2m3 tests[22m[2m | [22m[31m3 failed[39m[2m)[22m[33m 2192[2mms[22m[39m
[31m     [31m├ù[31m should handle login flow successfully[39m[32m 160[2mms[22m[39m
[31m     [31m├ù[31m should handle logout flow[39m[33m 1015[2mms[22m[39m
[31m     [31m├ù[31m should handle initial load with invalid token[39m[33m 1011[2mms[22m[39m

[31mΓÄ»ΓÄ»ΓÄ»ΓÄ»ΓÄ»ΓÄ»ΓÄ»[39m[1m[41m Failed Tests 3 [49m[22m[31mΓÄ»ΓÄ»ΓÄ»ΓÄ»ΓÄ»ΓÄ»ΓÄ»[39m

[41m[1m FAIL [22m[49m src/context/AuthContext.test.tsx[2m > [22mAuthContext[2m > [22mshould handle login flow successfully
[31m[1mError[22m: [2mexpect([22m[31melement[31m[2m).toHaveTextContent()[22m

Expected element to have text content:
[32m  test@example.com[31m
Received:
[31m  kishan@hisabkitab.com[31m[39m
[36m [2mΓ¥»[22m src/context/AuthContext.test.tsx:[2m43:51[22m[39m
    [90m 41| [39m
    [90m 42| [39m  [90m// Wait for user to be logged in[39m
    [90m 43| [39m  expect(await screen.findByTestId("user-email")).toHaveTextContent("tΓÇª
    [90m   | [39m                                                  [31m^[39m
    [90m 44| [39m })[33m;[39m
    [90m 45| [39m

[31m[2mΓÄ»ΓÄ»ΓÄ»ΓÄ»ΓÄ»ΓÄ»ΓÄ»ΓÄ»ΓÄ»ΓÄ»ΓÄ»ΓÄ»ΓÄ»ΓÄ»ΓÄ»ΓÄ»ΓÄ»ΓÄ»ΓÄ»ΓÄ»ΓÄ»ΓÄ»ΓÄ»ΓÄ»[1/3]ΓÄ»[22m[39m

[41m[1m FAIL [22m[49m src/context/AuthContext.test.tsx[2m > [22mAuthContext[2m > [22mshould handle logout flow
[31m[1mTestingLibraryElementError[22m: Unable to find an element by: [data-testid="user-email"]

Ignored nodes: comments, script, style
[36m<body>[31m
  [36m<div>[31m
    [36m<div>[31m
      [36m<button>[31m
        [0mLogin[0m
      [36m</button>[31m
    [36m</div>[31m
  [36m</div>[31m
[36m</body>[31m

Ignored nodes: comments, script, style
[36m<body>[31m
  [36m<div>[31m
    [36m<div>[31m
      [36m<button>[31m
        [0mLogin[0m
      [36m</button>[31m
    [36m</div>[31m
  [36m</div>[31m
[36m</body>[31m[39m
[90m [2mΓ¥»[22m waitForWrapper node_modules/@testing-library/dom/dist/wait-for.js:[2m163:27[22m[39m
[90m [2mΓ¥»[22m node_modules/@testing-library/dom/dist/query-helpers.js:[2m86:33[22m[39m
[36m [2mΓ¥»[22m src/context/AuthContext.test.tsx:[2m60:23[22m[39m
    [90m 58| [39m
    [90m 59| [39m  [90m// Should start logged in (because of token)[39m
    [90m 60| [39m  expect(await screen.findByTestId("user-email")).toHaveTextContent("tΓÇª
    [90m   | [39m                      [31m^[39m
    [90m 61| [39m
    [90m 62| [39m  [90m// Click logout[39m

[31m[2mΓÄ»ΓÄ»ΓÄ»ΓÄ»ΓÄ»ΓÄ»ΓÄ»ΓÄ»ΓÄ»ΓÄ»ΓÄ»ΓÄ»ΓÄ»ΓÄ»ΓÄ»ΓÄ»ΓÄ»ΓÄ»ΓÄ»ΓÄ»ΓÄ»ΓÄ»ΓÄ»ΓÄ»[2/3]ΓÄ»[22m[39m

[41m[1m FAIL [22m[49m src/context/AuthContext.test.tsx[2m > [22mAuthContext[2m > [22mshould handle initial load with invalid token
[31m[1mTestingLibraryElementError[22m: Unable to find an element with the text: Login. This could be because the text is broken up by multiple elements. In this case, you can provide a function for your text matcher to make your matcher 
more flexible.

Ignored nodes: comments, script, style
[36m<body>[31m
  [36m<div>[31m
    [36m<div>[31m
      [36m<div[31m
        [33mdata-testid[31m=[32m"user-email"[31m
      [36m>[31m
        [0mkishan@hisabkitab.com[0m
      [36m</div>[31m
      [36m<button>[31m
        [0mLogout[0m
      [36m</button>[31m
    [36m</div>[31m
  [36m</div>[31m
[36m</body>[31m

Ignored nodes: comments, script, style
[36m<body>[31m
  [36m<div>[31m
    [36m<div>[31m
      [36m<div[31m
        [33mdata-testid[31m=[32m"user-email"[31m
      [36m>[31m
        [0mkishan@hisabkitab.com[0m
      [36m</div>[31m
      [36m<button>[31m
        [0mLogout[0m
      [36m</button>[31m
    [36m</div>[31m
  [36m</div>[31m
[36m</body>[31m[39m
[90m [2mΓ¥»[22m waitForWrapper node_modules/@testing-library/dom/dist/wait-for.js:[2m163:27[22m[39m
[90m [2mΓ¥»[22m node_modules/@testing-library/dom/dist/query-helpers.js:[2m86:33[22m[39m
[36m [2mΓ¥»[22m src/context/AuthContext.test.tsx:[2m89:23[22m[39m
    [90m 87| [39m
    [90m 88| [39m  // Should eventually show Login button (meaning loading finished andΓÇª
    [90m 89| [39m  [34mexpect[39m([35mawait[39m screen[33m.[39m[34mfindByText[39m([32m"Login"[39m))[33m.[39m[34mtoBeInTheDocument[39m()[33m;[39m
    [90m   | [39m                      [31m^[39m
    [90m 90| [39m  
    [90m 91| [39m  vi[33m.[39m[34mrestoreAllMocks[39m()[33m;[39m

[31m[2mΓÄ»ΓÄ»ΓÄ»ΓÄ»ΓÄ»ΓÄ»ΓÄ»ΓÄ»ΓÄ»ΓÄ»ΓÄ»ΓÄ»ΓÄ»ΓÄ»ΓÄ»ΓÄ»ΓÄ»ΓÄ»ΓÄ»ΓÄ»ΓÄ»ΓÄ»ΓÄ»ΓÄ»[3/3]ΓÄ»[22m[39m


[2m Test Files [22m [1m[31m1 failed[39m[22m[90m (1)[39m
[2m      Tests [22m [1m[31m3 failed[39m[22m[90m (3)[39m
[2m   Start at [22m 08:53:07
[2m   Duration [22m 4.34s[2m (transform 140ms, setup 268ms, collect 330ms, tests 2.19s, environment 1.12s, prepare 18ms)[22m

